// Jest Snapshot v1, https://goo.gl/fbAQLP

exports[`renders homepage unchanged 1`] = `
<div
  className="m-20 text-sm place-items-center grid text-center"
>
  <h1
    className="text-6xl mb-6"
  >
    Tic Tac Toe
  </h1>
  <div
    className="game-board"
  >
    <div>
      <div
        className="mb-10"
      >
        Next player: X
      </div>
      <div
        className="after:clear-both after:table"
      >
        <button
          className="h-16 w-16 p-0 border border-solid border-gray-500 float-left font-bold text-center text-4xl bg-white -mr-px -mt-px focus:outline-none focus:bg-gray-300"
          onClick={[Function]}
        />
        <button
          className="h-16 w-16 p-0 border border-solid border-gray-500 float-left font-bold text-center text-4xl bg-white -mr-px -mt-px focus:outline-none focus:bg-gray-300"
          onClick={[Function]}
        />
        <button
          className="h-16 w-16 p-0 border border-solid border-gray-500 float-left font-bold text-center text-4xl bg-white -mr-px -mt-px focus:outline-none focus:bg-gray-300"
          onClick={[Function]}
        />
      </div>
      <div
        className="after:clear-both after:table"
      >
        <button
          className="h-16 w-16 p-0 border border-solid border-gray-500 float-left font-bold text-center text-4xl bg-white -mr-px -mt-px focus:outline-none focus:bg-gray-300"
          onClick={[Function]}
        />
        <button
          className="h-16 w-16 p-0 border border-solid border-gray-500 float-left font-bold text-center text-4xl bg-white -mr-px -mt-px focus:outline-none focus:bg-gray-300"
          onClick={[Function]}
        />
        <button
          className="h-16 w-16 p-0 border border-solid border-gray-500 float-left font-bold text-center text-4xl bg-white -mr-px -mt-px focus:outline-none focus:bg-gray-300"
          onClick={[Function]}
        />
      </div>
      <div
        className="after:clear-both after:table"
      >
        <button
          className="h-16 w-16 p-0 border border-solid border-gray-500 float-left font-bold text-center text-4xl bg-white -mr-px -mt-px focus:outline-none focus:bg-gray-300"
          onClick={[Function]}
        />
        <button
          className="h-16 w-16 p-0 border border-solid border-gray-500 float-left font-bold text-center text-4xl bg-white -mr-px -mt-px focus:outline-none focus:bg-gray-300"
          onClick={[Function]}
        />
        <button
          className="h-16 w-16 p-0 border border-solid border-gray-500 float-left font-bold text-center text-4xl bg-white -mr-px -mt-px focus:outline-none focus:bg-gray-300"
          onClick={[Function]}
        />
      </div>
      <button
        className="mt-10 py-2 px-4 border rounded focus:outline-none hover:bg-gray-100 active:bg-gray-200"
        onClick={[Function]}
      >
        Restart
      </button>
    </div>
  </div>
</div>
`;
